// Jest Snapshot v1, https://goo.gl/fbAQLP

exports[`<Layout /> renders Page Layout 1`] = `
<Container>
  <Header />
</Container>
`;
